// Jest Snapshot v1, https://goo.gl/fbAQLP

exports[`Hello test 1`] = `
<div>
  Hello 
  Jest
  !
</div>
`;
